RESPKEY   TOTAL     ANS1Y     ANS1N     ANS2Y     ANS2N
100638    40        0         0         34        6         
10097     1         0         0         0         0         
10098     7         0         0         0         0         
130467    3         0         0         3         0         
130537    55        0         0         14        41        
130538    1         0         0         0         1         
140309    23        0         0         0         0         
170403    204       0         0         17        187       
170404    5         0         0         3         2         
170405    3358      0         0         410       2948      
180258    1005      0         0         0         0         
180335    5         0         0         0         0         
20186     4         0         0         2         2         
20314     1000      0         0         277       723       
210249    2         0         0         0         0         
230108    3         0         0         0         0         
721       251       0         0         59        192       
